                                      1 ;--------------------------------------------------------
                                      2 ; File Created by SDCC : free open source ANSI-C Compiler
                                      3 ; Version 4.0.0 #11528 (MINGW64)
                                      4 ;--------------------------------------------------------
                                      5 	.module main
                                      6 	.optsdcc -mstm8
                                      7 	
                                      8 ;--------------------------------------------------------
                                      9 ; Public variables in this module
                                     10 ;--------------------------------------------------------
                                     11 	.globl _main
                                     12 	.globl _TIM4_UPD_OVF_IRQHandler
                                     13 	.globl _tim4_init
                                     14 	.globl _pb5_init
                                     15 	.globl _clk_init
                                     16 	.globl _all_tmp
                                     17 ;--------------------------------------------------------
                                     18 ; ram data
                                     19 ;--------------------------------------------------------
                                     20 	.area DATA
                                     21 ;--------------------------------------------------------
                                     22 ; ram data
                                     23 ;--------------------------------------------------------
                                     24 	.area INITIALIZED
      000000                         25 _all_tmp::
      000000                         26 	.ds 2
                                     27 ;--------------------------------------------------------
                                     28 ; Stack segment in internal ram 
                                     29 ;--------------------------------------------------------
                                     30 	.area	SSEG
      000000                         31 __start__stack:
      000000                         32 	.ds	1
                                     33 
                                     34 ;--------------------------------------------------------
                                     35 ; absolute external ram data
                                     36 ;--------------------------------------------------------
                                     37 	.area DABS (ABS)
                                     38 
                                     39 ; default segment ordering for linker
                                     40 	.area HOME
                                     41 	.area GSINIT
                                     42 	.area GSFINAL
                                     43 	.area CONST
                                     44 	.area INITIALIZER
                                     45 	.area CODE
                                     46 
                                     47 ;--------------------------------------------------------
                                     48 ; interrupt vector 
                                     49 ;--------------------------------------------------------
                                     50 	.area HOME
      000000                         51 __interrupt_vect:
      000000 82v00u00u00             52 	int s_GSINIT ; reset
      000004 82 00 00 00             53 	int 0x000000 ; trap
      000008 82 00 00 00             54 	int 0x000000 ; int0
      00000C 82 00 00 00             55 	int 0x000000 ; int1
      000010 82 00 00 00             56 	int 0x000000 ; int2
      000014 82 00 00 00             57 	int 0x000000 ; int3
      000018 82 00 00 00             58 	int 0x000000 ; int4
      00001C 82 00 00 00             59 	int 0x000000 ; int5
      000020 82 00 00 00             60 	int 0x000000 ; int6
      000024 82 00 00 00             61 	int 0x000000 ; int7
      000028 82 00 00 00             62 	int 0x000000 ; int8
      00002C 82 00 00 00             63 	int 0x000000 ; int9
      000030 82 00 00 00             64 	int 0x000000 ; int10
      000034 82 00 00 00             65 	int 0x000000 ; int11
      000038 82 00 00 00             66 	int 0x000000 ; int12
      00003C 82 00 00 00             67 	int 0x000000 ; int13
      000040 82 00 00 00             68 	int 0x000000 ; int14
      000044 82 00 00 00             69 	int 0x000000 ; int15
      000048 82 00 00 00             70 	int 0x000000 ; int16
      00004C 82 00 00 00             71 	int 0x000000 ; int17
      000050 82 00 00 00             72 	int 0x000000 ; int18
      000054 82 00 00 00             73 	int 0x000000 ; int19
      000058 82 00 00 00             74 	int 0x000000 ; int20
      00005C 82 00 00 00             75 	int 0x000000 ; int21
      000060 82 00 00 00             76 	int 0x000000 ; int22
      000064 82v00u00u57             77 	int _TIM4_UPD_OVF_IRQHandler ; int23
                                     78 ;--------------------------------------------------------
                                     79 ; global & static initialisations
                                     80 ;--------------------------------------------------------
                                     81 	.area HOME
                                     82 	.area GSINIT
                                     83 	.area GSFINAL
                                     84 	.area GSINIT
      000000                         85 __sdcc_gs_init_startup:
      000000                         86 __sdcc_init_data:
                                     87 ; stm8_genXINIT() start
      000000 AEr00r00         [ 2]   88 	ldw x, #l_DATA
      000003 27 07            [ 1]   89 	jreq	00002$
      000005                         90 00001$:
      000005 72 4FuFFuFF      [ 1]   91 	clr (s_DATA - 1, x)
      000009 5A               [ 2]   92 	decw x
      00000A 26 F9            [ 1]   93 	jrne	00001$
      00000C                         94 00002$:
      00000C AEr00r00         [ 2]   95 	ldw	x, #l_INITIALIZER
      00000F 27 09            [ 1]   96 	jreq	00004$
      000011                         97 00003$:
      000011 D6uFFuFF         [ 1]   98 	ld	a, (s_INITIALIZER - 1, x)
      000014 D7uFFuFF         [ 1]   99 	ld	(s_INITIALIZED - 1, x), a
      000017 5A               [ 2]  100 	decw	x
      000018 26 F7            [ 1]  101 	jrne	00003$
      00001A                        102 00004$:
                                    103 ; stm8_genXINIT() end
                                    104 	.area GSFINAL
      000000 CCr00r68         [ 2]  105 	jp	__sdcc_program_startup
                                    106 ;--------------------------------------------------------
                                    107 ; Home
                                    108 ;--------------------------------------------------------
                                    109 	.area HOME
                                    110 	.area HOME
      000068                        111 __sdcc_program_startup:
      000068 CCr00r90         [ 2]  112 	jp	_main
                                    113 ;	return from main will return to caller
                                    114 ;--------------------------------------------------------
                                    115 ; code
                                    116 ;--------------------------------------------------------
                                    117 	.area CODE
                                    118 ;	main.c: 5: void clk_init()
                                    119 ;	-----------------------------------------
                                    120 ;	 function clk_init
                                    121 ;	-----------------------------------------
      000000                        122 _clk_init:
                                    123 ;	main.c: 8: while((CLK_ICKR&CLK_ICKR_HSIRDY)!=CLK_ICKR_HSIRDY);//检查HSI准备好没有
      000000                        124 00101$:
      000000 C6 50 C0         [ 1]  125 	ld	a, 0x50c0
      000003 A4 02            [ 1]  126 	and	a, #0x02
      000005 A1 02            [ 1]  127 	cp	a, #0x02
      000007 26 F7            [ 1]  128 	jrne	00101$
                                    129 ;	main.c: 9: while((CLK_CMSR&CLK_CMSR_CKM_HSI)!=CLK_CMSR_CKM_HSI);//检查主时钟是否为HSI
      000009                        130 00104$:
      000009 C6 50 C3         [ 1]  131 	ld	a, 0x50c3
      00000C A4 E1            [ 1]  132 	and	a, #0xe1
      00000E A1 E1            [ 1]  133 	cp	a, #0xe1
      000010 26 F7            [ 1]  134 	jrne	00104$
                                    135 ;	main.c: 10: CLK_CKDIVR&=~CLK_CKDIVR_HSIDIV_MASK;
      000012 C6 50 C6         [ 1]  136 	ld	a, 0x50c6
      000015 A4 E7            [ 1]  137 	and	a, #0xe7
      000017 C7 50 C6         [ 1]  138 	ld	0x50c6, a
                                    139 ;	main.c: 11: CLK_CKDIVR|=CLK_CKDIVR_HSIDIV_DIV1;//HSI作为主时钟最初是8分频，变成1分频快点
      00001A C6 50 C6         [ 1]  140 	ld	a, 0x50c6
      00001D C7 50 C6         [ 1]  141 	ld	0x50c6, a
                                    142 ;	main.c: 12: CLK_PCKENR1&=~(CLK_PCKENR1_I2C|
      000020 C6 50 C7         [ 1]  143 	ld	a, 0x50c7
      000023 A4 54            [ 1]  144 	and	a, #0x54
      000025 C7 50 C7         [ 1]  145 	ld	0x50c7, a
                                    146 ;	main.c: 17: CLK_PCKENR2&=~(CLK_PCKENR2_ADC|
      000028 C6 50 CA         [ 1]  147 	ld	a, 0x50ca
      00002B A4 F3            [ 1]  148 	and	a, #0xf3
      00002D C7 50 CA         [ 1]  149 	ld	0x50ca, a
                                    150 ;	main.c: 20: }
      000030 81               [ 4]  151 	ret
                                    152 ;	main.c: 22: void pb5_init()
                                    153 ;	-----------------------------------------
                                    154 ;	 function pb5_init
                                    155 ;	-----------------------------------------
      000031                        156 _pb5_init:
                                    157 ;	main.c: 24: PB_DDR|=PX_DDR_DDR5;//DDR PB5输出模式
      000031 72 1A 50 07      [ 1]  158 	bset	20487, #5
                                    159 ;	main.c: 25: PB_CR1|=PX_CR1_C15; //CR1 推挽输出
      000035 72 1A 50 08      [ 1]  160 	bset	20488, #5
                                    161 ;	main.c: 26: PB_CR2|=PX_CR2_C25; //CR2 输出速度10MHz
      000039 72 1A 50 09      [ 1]  162 	bset	20489, #5
                                    163 ;	main.c: 27: }
      00003D 81               [ 4]  164 	ret
                                    165 ;	main.c: 29: void tim4_init()//16MHz输入
                                    166 ;	-----------------------------------------
                                    167 ;	 function tim4_init
                                    168 ;	-----------------------------------------
      00003E                        169 _tim4_init:
                                    170 ;	main.c: 31: TIM4_PSCR|=TIMX_PSCR_PSC_(8);//定时器分频 计数器速度2MHz
      00003E 72 14 53 47      [ 1]  171 	bset	21319, #2
                                    172 ;	main.c: 32: TIM4_ARR|=TIMX_ARR_ARR_(56);//自动重装载值 0.1ms
      000042 C6 53 48         [ 1]  173 	ld	a, 0x5348
      000045 AA 37            [ 1]  174 	or	a, #0x37
      000047 C7 53 48         [ 1]  175 	ld	0x5348, a
                                    176 ;	main.c: 33: TIM4_IER|=TIMX_IER_UIE;//开中断
      00004A 72 10 53 43      [ 1]  177 	bset	21315, #0
                                    178 ;	main.c: 34: TIM4_CR1|=TIMX_CR1_APRE;//自动重装载预装载
      00004E 72 1E 53 40      [ 1]  179 	bset	21312, #7
                                    180 ;	main.c: 35: TIM4_CR1|=TIMX_CR1_CEN;//计时器使能
      000052 72 10 53 40      [ 1]  181 	bset	21312, #0
                                    182 ;	main.c: 36: }
      000056 81               [ 4]  183 	ret
                                    184 ;	main.c: 45: void TIM4_UPD_OVF_IRQHandler(void) __interrupt(23)
                                    185 ;	-----------------------------------------
                                    186 ;	 function TIM4_UPD_OVF_IRQHandler
                                    187 ;	-----------------------------------------
      000057                        188 _TIM4_UPD_OVF_IRQHandler:
                                    189 ;	main.c: 47: if((TIM4_SR&TIMX_SR_UIF)==TIMX_SR_UIF)//计数器溢出
      000057 C6 53 44         [ 1]  190 	ld	a, 0x5344
      00005A A4 01            [ 1]  191 	and	a, #0x01
      00005C 4A               [ 1]  192 	dec	a
      00005D 26 30            [ 1]  193 	jrne	00108$
                                    194 ;	main.c: 49: TIM4_SR&=~TIMX_SR_UIF;
      00005F 72 11 53 44      [ 1]  195 	bres	21316, #0
                                    196 ;	main.c: 50: all_tmp++;
      000063 CEu00u00         [ 2]  197 	ldw	x, _all_tmp+0
      000066 5C               [ 1]  198 	incw	x
                                    199 ;	main.c: 51: if (all_tmp>=1000)
      000067 CFu00u00         [ 2]  200 	ldw	_all_tmp+0, x
      00006A A3 03 E8         [ 2]  201 	cpw	x, #0x03e8
      00006D 25 20            [ 1]  202 	jrc	00108$
                                    203 ;	main.c: 53: all_tmp=0;
      00006F 5F               [ 1]  204 	clrw	x
      000070 CFu00u00         [ 2]  205 	ldw	_all_tmp+0, x
                                    206 ;	main.c: 54: if((PB_ODR&PX_ODR_ODR5)==PX_ODR_ODR5)
      000073 C6 50 05         [ 1]  207 	ld	a, 0x5005
      000076 A4 20            [ 1]  208 	and	a, #0x20
      000078 97               [ 1]  209 	ld	xl, a
      000079 C6 50 05         [ 1]  210 	ld	a, 0x5005
      00007C 88               [ 1]  211 	push	a
      00007D 9F               [ 1]  212 	ld	a, xl
      00007E A1 20            [ 1]  213 	cp	a, #0x20
      000080 84               [ 1]  214 	pop	a
      000081 26 07            [ 1]  215 	jrne	00102$
                                    216 ;	main.c: 55: PB_ODR&=~PX_ODR_ODR5;
      000083 A4 DF            [ 1]  217 	and	a, #0xdf
      000085 C7 50 05         [ 1]  218 	ld	0x5005, a
      000088 20 05            [ 2]  219 	jra	00108$
      00008A                        220 00102$:
                                    221 ;	main.c: 57: PB_ODR|=PX_ODR_ODR5;
      00008A AA 20            [ 1]  222 	or	a, #0x20
      00008C C7 50 05         [ 1]  223 	ld	0x5005, a
      00008F                        224 00108$:
                                    225 ;	main.c: 69: }
      00008F 80               [11]  226 	iret
                                    227 ;	main.c: 71: void main()
                                    228 ;	-----------------------------------------
                                    229 ;	 function main
                                    230 ;	-----------------------------------------
      000090                        231 _main:
                                    232 ;	main.c: 73: clk_init();
      000090 CDr00r00         [ 4]  233 	call	_clk_init
                                    234 ;	main.c: 74: pb5_init();
      000093 CDr00r31         [ 4]  235 	call	_pb5_init
                                    236 ;	main.c: 75: tim4_init();
      000096 CDr00r3E         [ 4]  237 	call	_tim4_init
                                    238 ;	main.c: 76: rim();
      000099 9A               [ 1]  239 	rim
                                    240 ;	main.c: 77: while(1)
      00009A                        241 00102$:
      00009A 20 FE            [ 2]  242 	jra	00102$
                                    243 ;	main.c: 84: }
      00009C 81               [ 4]  244 	ret
                                    245 	.area CODE
                                    246 	.area CONST
                                    247 	.area INITIALIZER
      000000                        248 __xinit__all_tmp:
      000000 00 00                  249 	.dw #0x0000
                                    250 	.area CABS (ABS)
